{"countries":[{"name":"Canada","currency":"Dollars","language":"French"},{"name":"India","currency":"Rupee","language":"Telugu,Hindi,Sanskrit"},{"name":"USA","currency":"Dollars","language":"English and spanish"}]}