{"user":[{"firstName":"Sudharsan","lastName":"Tettu","age":35},{"firstName":"TestFirstName","lastName":"TestLastName","age":135},{"firstName":"TestFirstName1","lastName":"TestLastName1","age":10,"address":{"street":"Street 33","pincode":"640046"}}]}