{"greet_key":"Greetings","key_language":"English"}