{"file1":"File1 ","file2":"File2","file3":"File3","name":"Text file ,not a json file extn.","greet_key":"Bonzour!","key_language":"French"}