{
    "user": [
        {
            "firstName": "TestFirstName1",
            "lastName": "TestLastName1",
            "age": 10,
            "address": {
                "street": "Street 33",
                "pincode": "640046"
            }
        }
    ],
    "numbers": [
       7
    ]
}