{"signIn":{"submit":"Sign in"},"signUp":{"submit":"Sign up"}}